Archive member included to satisfy reference by file (symbol)

c:/st/stm32cubeide_1.7.0/stm32cubeide/plugins/com.st.stm32cube.ide.mcu.externaltools.gnu-tools-for-stm32.9-2020-q2-update.win32_2.0.0.202105311346/tools/bin/../lib/gcc/arm-none-eabi/9.3.1/../../../../arm-none-eabi/lib/thumb/v7e-m/nofp\libc_nano.a(lib_a-exit.o)
                              c:/st/stm32cubeide_1.7.0/stm32cubeide/plugins/com.st.stm32cube.ide.mcu.externaltools.gnu-tools-for-stm32.9-2020-q2-update.win32_2.0.0.202105311346/tools/bin/../lib/gcc/arm-none-eabi/9.3.1/../../../../arm-none-eabi/lib/thumb/v7e-m/nofp/crt0.o (exit)
c:/st/stm32cubeide_1.7.0/stm32cubeide/plugins/com.st.stm32cube.ide.mcu.externaltools.gnu-tools-for-stm32.9-2020-q2-update.win32_2.0.0.202105311346/tools/bin/../lib/gcc/arm-none-eabi/9.3.1/../../../../arm-none-eabi/lib/thumb/v7e-m/nofp\libc_nano.a(lib_a-impure.o)
                              c:/st/stm32cubeide_1.7.0/stm32cubeide/plugins/com.st.stm32cube.ide.mcu.externaltools.gnu-tools-for-stm32.9-2020-q2-update.win32_2.0.0.202105311346/tools/bin/../lib/gcc/arm-none-eabi/9.3.1/../../../../arm-none-eabi/lib/thumb/v7e-m/nofp\libc_nano.a(lib_a-exit.o) (_global_impure_ptr)
c:/st/stm32cubeide_1.7.0/stm32cubeide/plugins/com.st.stm32cube.ide.mcu.externaltools.gnu-tools-for-stm32.9-2020-q2-update.win32_2.0.0.202105311346/tools/bin/../lib/gcc/arm-none-eabi/9.3.1/../../../../arm-none-eabi/lib/thumb/v7e-m/nofp\libc_nano.a(lib_a-init.o)
                              c:/st/stm32cubeide_1.7.0/stm32cubeide/plugins/com.st.stm32cube.ide.mcu.externaltools.gnu-tools-for-stm32.9-2020-q2-update.win32_2.0.0.202105311346/tools/bin/../lib/gcc/arm-none-eabi/9.3.1/../../../../arm-none-eabi/lib/thumb/v7e-m/nofp/crt0.o (__libc_init_array)
c:/st/stm32cubeide_1.7.0/stm32cubeide/plugins/com.st.stm32cube.ide.mcu.externaltools.gnu-tools-for-stm32.9-2020-q2-update.win32_2.0.0.202105311346/tools/bin/../lib/gcc/arm-none-eabi/9.3.1/../../../../arm-none-eabi/lib/thumb/v7e-m/nofp\libc_nano.a(lib_a-memset.o)
                              c:/st/stm32cubeide_1.7.0/stm32cubeide/plugins/com.st.stm32cube.ide.mcu.externaltools.gnu-tools-for-stm32.9-2020-q2-update.win32_2.0.0.202105311346/tools/bin/../lib/gcc/arm-none-eabi/9.3.1/../../../../arm-none-eabi/lib/thumb/v7e-m/nofp/crt0.o (memset)
c:/st/stm32cubeide_1.7.0/stm32cubeide/plugins/com.st.stm32cube.ide.mcu.externaltools.gnu-tools-for-stm32.9-2020-q2-update.win32_2.0.0.202105311346/tools/bin/../lib/gcc/arm-none-eabi/9.3.1/../../../../arm-none-eabi/lib/thumb/v7e-m/nofp\libnosys.a(_exit.o)
                              c:/st/stm32cubeide_1.7.0/stm32cubeide/plugins/com.st.stm32cube.ide.mcu.externaltools.gnu-tools-for-stm32.9-2020-q2-update.win32_2.0.0.202105311346/tools/bin/../lib/gcc/arm-none-eabi/9.3.1/../../../../arm-none-eabi/lib/thumb/v7e-m/nofp\libc_nano.a(lib_a-exit.o) (_exit)

Discarded input sections

 .text          0x0000000000000000        0x0 c:/st/stm32cubeide_1.7.0/stm32cubeide/plugins/com.st.stm32cube.ide.mcu.externaltools.gnu-tools-for-stm32.9-2020-q2-update.win32_2.0.0.202105311346/tools/bin/../lib/gcc/arm-none-eabi/9.3.1/thumb/v7e-m/nofp/crti.o
 .data          0x0000000000000000        0x0 c:/st/stm32cubeide_1.7.0/stm32cubeide/plugins/com.st.stm32cube.ide.mcu.externaltools.gnu-tools-for-stm32.9-2020-q2-update.win32_2.0.0.202105311346/tools/bin/../lib/gcc/arm-none-eabi/9.3.1/thumb/v7e-m/nofp/crti.o
 .bss           0x0000000000000000        0x0 c:/st/stm32cubeide_1.7.0/stm32cubeide/plugins/com.st.stm32cube.ide.mcu.externaltools.gnu-tools-for-stm32.9-2020-q2-update.win32_2.0.0.202105311346/tools/bin/../lib/gcc/arm-none-eabi/9.3.1/thumb/v7e-m/nofp/crti.o
 .data          0x0000000000000000        0x4 c:/st/stm32cubeide_1.7.0/stm32cubeide/plugins/com.st.stm32cube.ide.mcu.externaltools.gnu-tools-for-stm32.9-2020-q2-update.win32_2.0.0.202105311346/tools/bin/../lib/gcc/arm-none-eabi/9.3.1/thumb/v7e-m/nofp/crtbegin.o
 .text          0x0000000000000000       0x7c c:/st/stm32cubeide_1.7.0/stm32cubeide/plugins/com.st.stm32cube.ide.mcu.externaltools.gnu-tools-for-stm32.9-2020-q2-update.win32_2.0.0.202105311346/tools/bin/../lib/gcc/arm-none-eabi/9.3.1/../../../../arm-none-eabi/lib/thumb/v7e-m/nofp/crt0.o
 .data          0x0000000000000000        0x0 c:/st/stm32cubeide_1.7.0/stm32cubeide/plugins/com.st.stm32cube.ide.mcu.externaltools.gnu-tools-for-stm32.9-2020-q2-update.win32_2.0.0.202105311346/tools/bin/../lib/gcc/arm-none-eabi/9.3.1/../../../../arm-none-eabi/lib/thumb/v7e-m/nofp/crt0.o
 .bss           0x0000000000000000        0x0 c:/st/stm32cubeide_1.7.0/stm32cubeide/plugins/com.st.stm32cube.ide.mcu.externaltools.gnu-tools-for-stm32.9-2020-q2-update.win32_2.0.0.202105311346/tools/bin/../lib/gcc/arm-none-eabi/9.3.1/../../../../arm-none-eabi/lib/thumb/v7e-m/nofp/crt0.o
 .ARM.extab     0x0000000000000000        0x0 c:/st/stm32cubeide_1.7.0/stm32cubeide/plugins/com.st.stm32cube.ide.mcu.externaltools.gnu-tools-for-stm32.9-2020-q2-update.win32_2.0.0.202105311346/tools/bin/../lib/gcc/arm-none-eabi/9.3.1/../../../../arm-none-eabi/lib/thumb/v7e-m/nofp/crt0.o
 .ARM.exidx     0x0000000000000000       0x10 c:/st/stm32cubeide_1.7.0/stm32cubeide/plugins/com.st.stm32cube.ide.mcu.externaltools.gnu-tools-for-stm32.9-2020-q2-update.win32_2.0.0.202105311346/tools/bin/../lib/gcc/arm-none-eabi/9.3.1/../../../../arm-none-eabi/lib/thumb/v7e-m/nofp/crt0.o
 .ARM.attributes
                0x0000000000000000       0x1c c:/st/stm32cubeide_1.7.0/stm32cubeide/plugins/com.st.stm32cube.ide.mcu.externaltools.gnu-tools-for-stm32.9-2020-q2-update.win32_2.0.0.202105311346/tools/bin/../lib/gcc/arm-none-eabi/9.3.1/../../../../arm-none-eabi/lib/thumb/v7e-m/nofp/crt0.o
 .group         0x0000000000000000        0xc ./app/src/main.o
 .group         0x0000000000000000        0xc ./app/src/main.o
 .group         0x0000000000000000        0xc ./app/src/main.o
 .group         0x0000000000000000        0xc ./app/src/main.o
 .group         0x0000000000000000        0xc ./app/src/main.o
 .group         0x0000000000000000        0xc ./app/src/main.o
 .group         0x0000000000000000        0xc ./app/src/main.o
 .group         0x0000000000000000        0xc ./app/src/main.o
 .group         0x0000000000000000        0xc ./app/src/main.o
 .group         0x0000000000000000        0xc ./app/src/main.o
 .group         0x0000000000000000        0xc ./app/src/main.o
 .group         0x0000000000000000        0xc ./app/src/main.o
 .group         0x0000000000000000        0xc ./app/src/main.o
 .group         0x0000000000000000        0xc ./app/src/main.o
 .group         0x0000000000000000        0xc ./app/src/main.o
 .group         0x0000000000000000        0xc ./app/src/main.o
 .group         0x0000000000000000        0xc ./app/src/main.o
 .text          0x0000000000000000        0x0 ./app/src/main.o
 .data          0x0000000000000000        0x0 ./app/src/main.o
 .bss           0x0000000000000000        0x0 ./app/src/main.o
 .group         0x0000000000000000        0xc ./app/src/printf-stdarg.o
 .group         0x0000000000000000        0xc ./app/src/printf-stdarg.o
 .group         0x0000000000000000        0xc ./app/src/printf-stdarg.o
 .group         0x0000000000000000        0xc ./app/src/printf-stdarg.o
 .group         0x0000000000000000        0xc ./app/src/printf-stdarg.o
 .group         0x0000000000000000        0xc ./app/src/printf-stdarg.o
 .group         0x0000000000000000        0xc ./app/src/printf-stdarg.o
 .group         0x0000000000000000        0xc ./app/src/printf-stdarg.o
 .group         0x0000000000000000        0xc ./app/src/printf-stdarg.o
 .group         0x0000000000000000        0xc ./app/src/printf-stdarg.o
 .group         0x0000000000000000        0xc ./app/src/printf-stdarg.o
 .group         0x0000000000000000        0xc ./app/src/printf-stdarg.o
 .group         0x0000000000000000        0xc ./app/src/printf-stdarg.o
 .group         0x0000000000000000        0xc ./app/src/printf-stdarg.o
 .group         0x0000000000000000        0xc ./app/src/printf-stdarg.o
 .group         0x0000000000000000        0xc ./app/src/printf-stdarg.o
 .group         0x0000000000000000        0xc ./app/src/printf-stdarg.o
 .group         0x0000000000000000        0xc ./app/src/printf-stdarg.o
 .text          0x0000000000000000        0x0 ./app/src/printf-stdarg.o
 .data          0x0000000000000000        0x0 ./app/src/printf-stdarg.o
 .bss           0x0000000000000000        0x0 ./app/src/printf-stdarg.o
 .text.my_sprintf
                0x0000000000000000       0x2c ./app/src/printf-stdarg.o
 .debug_macro   0x0000000000000000      0xa90 ./app/src/printf-stdarg.o
 .debug_macro   0x0000000000000000       0x34 ./app/src/printf-stdarg.o
 .debug_macro   0x0000000000000000       0x3b ./app/src/printf-stdarg.o
 .debug_macro   0x0000000000000000       0x22 ./app/src/printf-stdarg.o
 .debug_macro   0x0000000000000000       0x8e ./app/src/printf-stdarg.o
 .debug_macro   0x0000000000000000       0x51 ./app/src/printf-stdarg.o
 .debug_macro   0x0000000000000000      0x103 ./app/src/printf-stdarg.o
 .debug_macro   0x0000000000000000       0x6a ./app/src/printf-stdarg.o
 .debug_macro   0x0000000000000000      0x1df ./app/src/printf-stdarg.o
 .debug_macro   0x0000000000000000       0x1c ./app/src/printf-stdarg.o
 .debug_macro   0x0000000000000000       0x22 ./app/src/printf-stdarg.o
 .debug_macro   0x0000000000000000       0xdf ./app/src/printf-stdarg.o
 .debug_macro   0x0000000000000000     0x12cd ./app/src/printf-stdarg.o
 .debug_macro   0x0000000000000000      0x11f ./app/src/printf-stdarg.o
 .debug_macro   0x0000000000000000       0x19 ./app/src/printf-stdarg.o
 .debug_macro   0x0000000000000000    0x191da ./app/src/printf-stdarg.o
 .debug_macro   0x0000000000000000       0x6d ./app/src/printf-stdarg.o
 .group         0x0000000000000000        0xc ./app/src/stm32f7xx_it.o
 .text          0x0000000000000000        0x0 ./app/src/stm32f7xx_it.o
 .data          0x0000000000000000        0x0 ./app/src/stm32f7xx_it.o
 .bss           0x0000000000000000        0x0 ./app/src/stm32f7xx_it.o
 .debug_macro   0x0000000000000000      0xa90 ./app/src/stm32f7xx_it.o
 .group         0x0000000000000000        0xc ./bsp/src/bsp.o
 .group         0x0000000000000000        0xc ./bsp/src/bsp.o
 .group         0x0000000000000000        0xc ./bsp/src/bsp.o
 .group         0x0000000000000000        0xc ./bsp/src/bsp.o
 .group         0x0000000000000000        0xc ./bsp/src/bsp.o
 .group         0x0000000000000000        0xc ./bsp/src/bsp.o
 .group         0x0000000000000000        0xc ./bsp/src/bsp.o
 .group         0x0000000000000000        0xc ./bsp/src/bsp.o
 .group         0x0000000000000000        0xc ./bsp/src/bsp.o
 .group         0x0000000000000000        0xc ./bsp/src/bsp.o
 .group         0x0000000000000000        0xc ./bsp/src/bsp.o
 .group         0x0000000000000000        0xc ./bsp/src/bsp.o
 .group         0x0000000000000000        0xc ./bsp/src/bsp.o
 .group         0x0000000000000000        0xc ./bsp/src/bsp.o
 .group         0x0000000000000000        0xc ./bsp/src/bsp.o
 .group         0x0000000000000000        0xc ./bsp/src/bsp.o
 .group         0x0000000000000000        0xc ./bsp/src/bsp.o
 .text          0x0000000000000000        0x0 ./bsp/src/bsp.o
 .data          0x0000000000000000        0x0 ./bsp/src/bsp.o
 .bss           0x0000000000000000        0x0 ./bsp/src/bsp.o
 .debug_macro   0x0000000000000000      0xa90 ./bsp/src/bsp.o
 .debug_macro   0x0000000000000000       0x34 ./bsp/src/bsp.o
 .debug_macro   0x0000000000000000       0x3b ./bsp/src/bsp.o
 .debug_macro   0x0000000000000000       0x22 ./bsp/src/bsp.o
 .debug_macro   0x0000000000000000       0x8e ./bsp/src/bsp.o
 .debug_macro   0x0000000000000000       0x51 ./bsp/src/bsp.o
 .debug_macro   0x0000000000000000      0x103 ./bsp/src/bsp.o
 .debug_macro   0x0000000000000000       0x6a ./bsp/src/bsp.o
 .debug_macro   0x0000000000000000      0x1df ./bsp/src/bsp.o
 .debug_macro   0x0000000000000000       0x1c ./bsp/src/bsp.o
 .debug_macro   0x0000000000000000       0x22 ./bsp/src/bsp.o
 .debug_macro   0x0000000000000000       0xdf ./bsp/src/bsp.o
 .debug_macro   0x0000000000000000     0x12cd ./bsp/src/bsp.o
 .debug_macro   0x0000000000000000      0x11f ./bsp/src/bsp.o
 .debug_macro   0x0000000000000000       0x19 ./bsp/src/bsp.o
 .debug_macro   0x0000000000000000    0x191da ./bsp/src/bsp.o
 .debug_macro   0x0000000000000000       0x6d ./bsp/src/bsp.o
 .text          0x0000000000000000       0x14 ./cmsis/device/src/startup_stm32f746xx.o
 .data          0x0000000000000000        0x0 ./cmsis/device/src/startup_stm32f746xx.o
 .bss           0x0000000000000000        0x0 ./cmsis/device/src/startup_stm32f746xx.o
 .group         0x0000000000000000        0xc ./cmsis/device/src/system_stm32f7xx.o
 .group         0x0000000000000000        0xc ./cmsis/device/src/system_stm32f7xx.o
 .group         0x0000000000000000        0xc ./cmsis/device/src/system_stm32f7xx.o
 .group         0x0000000000000000        0xc ./cmsis/device/src/system_stm32f7xx.o
 .group         0x0000000000000000        0xc ./cmsis/device/src/system_stm32f7xx.o
 .group         0x0000000000000000        0xc ./cmsis/device/src/system_stm32f7xx.o
 .group         0x0000000000000000        0xc ./cmsis/device/src/system_stm32f7xx.o
 .group         0x0000000000000000        0xc ./cmsis/device/src/system_stm32f7xx.o
 .group         0x0000000000000000        0xc ./cmsis/device/src/system_stm32f7xx.o
 .group         0x0000000000000000        0xc ./cmsis/device/src/system_stm32f7xx.o
 .group         0x0000000000000000        0xc ./cmsis/device/src/system_stm32f7xx.o
 .group         0x0000000000000000        0xc ./cmsis/device/src/system_stm32f7xx.o
 .group         0x0000000000000000        0xc ./cmsis/device/src/system_stm32f7xx.o
 .group         0x0000000000000000        0xc ./cmsis/device/src/system_stm32f7xx.o
 .group         0x0000000000000000        0xc ./cmsis/device/src/system_stm32f7xx.o
 .group         0x0000000000000000        0xc ./cmsis/device/src/system_stm32f7xx.o
 .group         0x0000000000000000        0xc ./cmsis/device/src/system_stm32f7xx.o
 .text          0x0000000000000000        0x0 ./cmsis/device/src/system_stm32f7xx.o
 .data          0x0000000000000000        0x0 ./cmsis/device/src/system_stm32f7xx.o
 .bss           0x0000000000000000        0x0 ./cmsis/device/src/system_stm32f7xx.o
 .rodata.APBPrescTable
                0x0000000000000000        0x8 ./cmsis/device/src/system_stm32f7xx.o
 .debug_macro   0x0000000000000000      0xa90 ./cmsis/device/src/system_stm32f7xx.o
 .debug_macro   0x0000000000000000       0x34 ./cmsis/device/src/system_stm32f7xx.o
 .debug_macro   0x0000000000000000       0x3b ./cmsis/device/src/system_stm32f7xx.o
 .debug_macro   0x0000000000000000       0x22 ./cmsis/device/src/system_stm32f7xx.o
 .debug_macro   0x0000000000000000       0x8e ./cmsis/device/src/system_stm32f7xx.o
 .debug_macro   0x0000000000000000       0x51 ./cmsis/device/src/system_stm32f7xx.o
 .debug_macro   0x0000000000000000      0x103 ./cmsis/device/src/system_stm32f7xx.o
 .debug_macro   0x0000000000000000       0x6a ./cmsis/device/src/system_stm32f7xx.o
 .debug_macro   0x0000000000000000      0x1df ./cmsis/device/src/system_stm32f7xx.o
 .debug_macro   0x0000000000000000       0x1c ./cmsis/device/src/system_stm32f7xx.o
 .debug_macro   0x0000000000000000       0x22 ./cmsis/device/src/system_stm32f7xx.o
 .debug_macro   0x0000000000000000       0xdf ./cmsis/device/src/system_stm32f7xx.o
 .debug_macro   0x0000000000000000     0x12cd ./cmsis/device/src/system_stm32f7xx.o
 .debug_macro   0x0000000000000000      0x11f ./cmsis/device/src/system_stm32f7xx.o
 .debug_macro   0x0000000000000000       0x19 ./cmsis/device/src/system_stm32f7xx.o
 .debug_macro   0x0000000000000000    0x191da ./cmsis/device/src/system_stm32f7xx.o
 .debug_macro   0x0000000000000000       0x6d ./cmsis/device/src/system_stm32f7xx.o
 .text          0x0000000000000000        0x0 c:/st/stm32cubeide_1.7.0/stm32cubeide/plugins/com.st.stm32cube.ide.mcu.externaltools.gnu-tools-for-stm32.9-2020-q2-update.win32_2.0.0.202105311346/tools/bin/../lib/gcc/arm-none-eabi/9.3.1/../../../../arm-none-eabi/lib/thumb/v7e-m/nofp\libc_nano.a(lib_a-exit.o)
 .data          0x0000000000000000        0x0 c:/st/stm32cubeide_1.7.0/stm32cubeide/plugins/com.st.stm32cube.ide.mcu.externaltools.gnu-tools-for-stm32.9-2020-q2-update.win32_2.0.0.202105311346/tools/bin/../lib/gcc/arm-none-eabi/9.3.1/../../../../arm-none-eabi/lib/thumb/v7e-m/nofp\libc_nano.a(lib_a-exit.o)
 .bss           0x0000000000000000        0x0 c:/st/stm32cubeide_1.7.0/stm32cubeide/plugins/com.st.stm32cube.ide.mcu.externaltools.gnu-tools-for-stm32.9-2020-q2-update.win32_2.0.0.202105311346/tools/bin/../lib/gcc/arm-none-eabi/9.3.1/../../../../arm-none-eabi/lib/thumb/v7e-m/nofp\libc_nano.a(lib_a-exit.o)
 .text.exit     0x0000000000000000       0x28 c:/st/stm32cubeide_1.7.0/stm32cubeide/plugins/com.st.stm32cube.ide.mcu.externaltools.gnu-tools-for-stm32.9-2020-q2-update.win32_2.0.0.202105311346/tools/bin/../lib/gcc/arm-none-eabi/9.3.1/../../../../arm-none-eabi/lib/thumb/v7e-m/nofp\libc_nano.a(lib_a-exit.o)
 .debug_frame   0x0000000000000000       0x28 c:/st/stm32cubeide_1.7.0/stm32cubeide/plugins/com.st.stm32cube.ide.mcu.externaltools.gnu-tools-for-stm32.9-2020-q2-update.win32_2.0.0.202105311346/tools/bin/../lib/gcc/arm-none-eabi/9.3.1/../../../../arm-none-eabi/lib/thumb/v7e-m/nofp\libc_nano.a(lib_a-exit.o)
 .ARM.attributes
                0x0000000000000000       0x2e c:/st/stm32cubeide_1.7.0/stm32cubeide/plugins/com.st.stm32cube.ide.mcu.externaltools.gnu-tools-for-stm32.9-2020-q2-update.win32_2.0.0.202105311346/tools/bin/../lib/gcc/arm-none-eabi/9.3.1/../../../../arm-none-eabi/lib/thumb/v7e-m/nofp\libc_nano.a(lib_a-exit.o)
 .text          0x0000000000000000        0x0 c:/st/stm32cubeide_1.7.0/stm32cubeide/plugins/com.st.stm32cube.ide.mcu.externaltools.gnu-tools-for-stm32.9-2020-q2-update.win32_2.0.0.202105311346/tools/bin/../lib/gcc/arm-none-eabi/9.3.1/../../../../arm-none-eabi/lib/thumb/v7e-m/nofp\libc_nano.a(lib_a-impure.o)
 .data          0x0000000000000000        0x0 c:/st/stm32cubeide_1.7.0/stm32cubeide/plugins/com.st.stm32cube.ide.mcu.externaltools.gnu-tools-for-stm32.9-2020-q2-update.win32_2.0.0.202105311346/tools/bin/../lib/gcc/arm-none-eabi/9.3.1/../../../../arm-none-eabi/lib/thumb/v7e-m/nofp\libc_nano.a(lib_a-impure.o)
 .bss           0x0000000000000000        0x0 c:/st/stm32cubeide_1.7.0/stm32cubeide/plugins/com.st.stm32cube.ide.mcu.externaltools.gnu-tools-for-stm32.9-2020-q2-update.win32_2.0.0.202105311346/tools/bin/../lib/gcc/arm-none-eabi/9.3.1/../../../../arm-none-eabi/lib/thumb/v7e-m/nofp\libc_nano.a(lib_a-impure.o)
 .data._impure_ptr
                0x0000000000000000        0x4 c:/st/stm32cubeide_1.7.0/stm32cubeide/plugins/com.st.stm32cube.ide.mcu.externaltools.gnu-tools-for-stm32.9-2020-q2-update.win32_2.0.0.202105311346/tools/bin/../lib/gcc/arm-none-eabi/9.3.1/../../../../arm-none-eabi/lib/thumb/v7e-m/nofp\libc_nano.a(lib_a-impure.o)
 .data.impure_data
                0x0000000000000000       0x60 c:/st/stm32cubeide_1.7.0/stm32cubeide/plugins/com.st.stm32cube.ide.mcu.externaltools.gnu-tools-for-stm32.9-2020-q2-update.win32_2.0.0.202105311346/tools/bin/../lib/gcc/arm-none-eabi/9.3.1/../../../../arm-none-eabi/lib/thumb/v7e-m/nofp\libc_nano.a(lib_a-impure.o)
 .rodata._global_impure_ptr
                0x0000000000000000        0x4 c:/st/stm32cubeide_1.7.0/stm32cubeide/plugins/com.st.stm32cube.ide.mcu.externaltools.gnu-tools-for-stm32.9-2020-q2-update.win32_2.0.0.202105311346/tools/bin/../lib/gcc/arm-none-eabi/9.3.1/../../../../arm-none-eabi/lib/thumb/v7e-m/nofp\libc_nano.a(lib_a-impure.o)
 .ARM.attributes
                0x0000000000000000       0x2e c:/st/stm32cubeide_1.7.0/stm32cubeide/plugins/com.st.stm32cube.ide.mcu.externaltools.gnu-tools-for-stm32.9-2020-q2-update.win32_2.0.0.202105311346/tools/bin/../lib/gcc/arm-none-eabi/9.3.1/../../../../arm-none-eabi/lib/thumb/v7e-m/nofp\libc_nano.a(lib_a-impure.o)
 .text          0x0000000000000000        0x0 c:/st/stm32cubeide_1.7.0/stm32cubeide/plugins/com.st.stm32cube.ide.mcu.externaltools.gnu-tools-for-stm32.9-2020-q2-update.win32_2.0.0.202105311346/tools/bin/../lib/gcc/arm-none-eabi/9.3.1/../../../../arm-none-eabi/lib/thumb/v7e-m/nofp\libc_nano.a(lib_a-init.o)
 .data          0x0000000000000000        0x0 c:/st/stm32cubeide_1.7.0/stm32cubeide/plugins/com.st.stm32cube.ide.mcu.externaltools.gnu-tools-for-stm32.9-2020-q2-update.win32_2.0.0.202105311346/tools/bin/../lib/gcc/arm-none-eabi/9.3.1/../../../../arm-none-eabi/lib/thumb/v7e-m/nofp\libc_nano.a(lib_a-init.o)
 .bss           0x0000000000000000        0x0 c:/st/stm32cubeide_1.7.0/stm32cubeide/plugins/com.st.stm32cube.ide.mcu.externaltools.gnu-tools-for-stm32.9-2020-q2-update.win32_2.0.0.202105311346/tools/bin/../lib/gcc/arm-none-eabi/9.3.1/../../../../arm-none-eabi/lib/thumb/v7e-m/nofp\libc_nano.a(lib_a-init.o)
 .text          0x0000000000000000        0x0 c:/st/stm32cubeide_1.7.0/stm32cubeide/plugins/com.st.stm32cube.ide.mcu.externaltools.gnu-tools-for-stm32.9-2020-q2-update.win32_2.0.0.202105311346/tools/bin/../lib/gcc/arm-none-eabi/9.3.1/../../../../arm-none-eabi/lib/thumb/v7e-m/nofp\libc_nano.a(lib_a-memset.o)
 .data          0x0000000000000000        0x0 c:/st/stm32cubeide_1.7.0/stm32cubeide/plugins/com.st.stm32cube.ide.mcu.externaltools.gnu-tools-for-stm32.9-2020-q2-update.win32_2.0.0.202105311346/tools/bin/../lib/gcc/arm-none-eabi/9.3.1/../../../../arm-none-eabi/lib/thumb/v7e-m/nofp\libc_nano.a(lib_a-memset.o)
 .bss           0x0000000000000000        0x0 c:/st/stm32cubeide_1.7.0/stm32cubeide/plugins/com.st.stm32cube.ide.mcu.externaltools.gnu-tools-for-stm32.9-2020-q2-update.win32_2.0.0.202105311346/tools/bin/../lib/gcc/arm-none-eabi/9.3.1/../../../../arm-none-eabi/lib/thumb/v7e-m/nofp\libc_nano.a(lib_a-memset.o)
 .text.memset   0x0000000000000000       0x10 c:/st/stm32cubeide_1.7.0/stm32cubeide/plugins/com.st.stm32cube.ide.mcu.externaltools.gnu-tools-for-stm32.9-2020-q2-update.win32_2.0.0.202105311346/tools/bin/../lib/gcc/arm-none-eabi/9.3.1/../../../../arm-none-eabi/lib/thumb/v7e-m/nofp\libc_nano.a(lib_a-memset.o)
 .debug_frame   0x0000000000000000       0x20 c:/st/stm32cubeide_1.7.0/stm32cubeide/plugins/com.st.stm32cube.ide.mcu.externaltools.gnu-tools-for-stm32.9-2020-q2-update.win32_2.0.0.202105311346/tools/bin/../lib/gcc/arm-none-eabi/9.3.1/../../../../arm-none-eabi/lib/thumb/v7e-m/nofp\libc_nano.a(lib_a-memset.o)
 .ARM.attributes
                0x0000000000000000       0x2e c:/st/stm32cubeide_1.7.0/stm32cubeide/plugins/com.st.stm32cube.ide.mcu.externaltools.gnu-tools-for-stm32.9-2020-q2-update.win32_2.0.0.202105311346/tools/bin/../lib/gcc/arm-none-eabi/9.3.1/../../../../arm-none-eabi/lib/thumb/v7e-m/nofp\libc_nano.a(lib_a-memset.o)
 .text          0x0000000000000000        0x0 c:/st/stm32cubeide_1.7.0/stm32cubeide/plugins/com.st.stm32cube.ide.mcu.externaltools.gnu-tools-for-stm32.9-2020-q2-update.win32_2.0.0.202105311346/tools/bin/../lib/gcc/arm-none-eabi/9.3.1/../../../../arm-none-eabi/lib/thumb/v7e-m/nofp\libnosys.a(_exit.o)
 .data          0x0000000000000000        0x0 c:/st/stm32cubeide_1.7.0/stm32cubeide/plugins/com.st.stm32cube.ide.mcu.externaltools.gnu-tools-for-stm32.9-2020-q2-update.win32_2.0.0.202105311346/tools/bin/../lib/gcc/arm-none-eabi/9.3.1/../../../../arm-none-eabi/lib/thumb/v7e-m/nofp\libnosys.a(_exit.o)
 .bss           0x0000000000000000        0x0 c:/st/stm32cubeide_1.7.0/stm32cubeide/plugins/com.st.stm32cube.ide.mcu.externaltools.gnu-tools-for-stm32.9-2020-q2-update.win32_2.0.0.202105311346/tools/bin/../lib/gcc/arm-none-eabi/9.3.1/../../../../arm-none-eabi/lib/thumb/v7e-m/nofp\libnosys.a(_exit.o)
 .text._exit    0x0000000000000000        0x2 c:/st/stm32cubeide_1.7.0/stm32cubeide/plugins/com.st.stm32cube.ide.mcu.externaltools.gnu-tools-for-stm32.9-2020-q2-update.win32_2.0.0.202105311346/tools/bin/../lib/gcc/arm-none-eabi/9.3.1/../../../../arm-none-eabi/lib/thumb/v7e-m/nofp\libnosys.a(_exit.o)
 .debug_frame   0x0000000000000000       0x20 c:/st/stm32cubeide_1.7.0/stm32cubeide/plugins/com.st.stm32cube.ide.mcu.externaltools.gnu-tools-for-stm32.9-2020-q2-update.win32_2.0.0.202105311346/tools/bin/../lib/gcc/arm-none-eabi/9.3.1/../../../../arm-none-eabi/lib/thumb/v7e-m/nofp\libnosys.a(_exit.o)
 .ARM.attributes
                0x0000000000000000       0x2e c:/st/stm32cubeide_1.7.0/stm32cubeide/plugins/com.st.stm32cube.ide.mcu.externaltools.gnu-tools-for-stm32.9-2020-q2-update.win32_2.0.0.202105311346/tools/bin/../lib/gcc/arm-none-eabi/9.3.1/../../../../arm-none-eabi/lib/thumb/v7e-m/nofp\libnosys.a(_exit.o)
 .text          0x0000000000000000        0x0 c:/st/stm32cubeide_1.7.0/stm32cubeide/plugins/com.st.stm32cube.ide.mcu.externaltools.gnu-tools-for-stm32.9-2020-q2-update.win32_2.0.0.202105311346/tools/bin/../lib/gcc/arm-none-eabi/9.3.1/thumb/v7e-m/nofp/crtend.o
 .data          0x0000000000000000        0x0 c:/st/stm32cubeide_1.7.0/stm32cubeide/plugins/com.st.stm32cube.ide.mcu.externaltools.gnu-tools-for-stm32.9-2020-q2-update.win32_2.0.0.202105311346/tools/bin/../lib/gcc/arm-none-eabi/9.3.1/thumb/v7e-m/nofp/crtend.o
 .bss           0x0000000000000000        0x0 c:/st/stm32cubeide_1.7.0/stm32cubeide/plugins/com.st.stm32cube.ide.mcu.externaltools.gnu-tools-for-stm32.9-2020-q2-update.win32_2.0.0.202105311346/tools/bin/../lib/gcc/arm-none-eabi/9.3.1/thumb/v7e-m/nofp/crtend.o
 .eh_frame      0x0000000000000000        0x4 c:/st/stm32cubeide_1.7.0/stm32cubeide/plugins/com.st.stm32cube.ide.mcu.externaltools.gnu-tools-for-stm32.9-2020-q2-update.win32_2.0.0.202105311346/tools/bin/../lib/gcc/arm-none-eabi/9.3.1/thumb/v7e-m/nofp/crtend.o
 .ARM.attributes
                0x0000000000000000       0x2e c:/st/stm32cubeide_1.7.0/stm32cubeide/plugins/com.st.stm32cube.ide.mcu.externaltools.gnu-tools-for-stm32.9-2020-q2-update.win32_2.0.0.202105311346/tools/bin/../lib/gcc/arm-none-eabi/9.3.1/thumb/v7e-m/nofp/crtend.o
 .text          0x0000000000000000        0x0 c:/st/stm32cubeide_1.7.0/stm32cubeide/plugins/com.st.stm32cube.ide.mcu.externaltools.gnu-tools-for-stm32.9-2020-q2-update.win32_2.0.0.202105311346/tools/bin/../lib/gcc/arm-none-eabi/9.3.1/thumb/v7e-m/nofp/crtn.o
 .data          0x0000000000000000        0x0 c:/st/stm32cubeide_1.7.0/stm32cubeide/plugins/com.st.stm32cube.ide.mcu.externaltools.gnu-tools-for-stm32.9-2020-q2-update.win32_2.0.0.202105311346/tools/bin/../lib/gcc/arm-none-eabi/9.3.1/thumb/v7e-m/nofp/crtn.o
 .bss           0x0000000000000000        0x0 c:/st/stm32cubeide_1.7.0/stm32cubeide/plugins/com.st.stm32cube.ide.mcu.externaltools.gnu-tools-for-stm32.9-2020-q2-update.win32_2.0.0.202105311346/tools/bin/../lib/gcc/arm-none-eabi/9.3.1/thumb/v7e-m/nofp/crtn.o

Memory Configuration

Name             Origin             Length             Attributes
RAM              0x0000000020000000 0x0000000000050000 xrw
FLASH            0x0000000008000000 0x0000000000100000 xr
*default*        0x0000000000000000 0xffffffffffffffff

Linker script and memory map

LOAD c:/st/stm32cubeide_1.7.0/stm32cubeide/plugins/com.st.stm32cube.ide.mcu.externaltools.gnu-tools-for-stm32.9-2020-q2-update.win32_2.0.0.202105311346/tools/bin/../lib/gcc/arm-none-eabi/9.3.1/thumb/v7e-m/nofp/crti.o
LOAD c:/st/stm32cubeide_1.7.0/stm32cubeide/plugins/com.st.stm32cube.ide.mcu.externaltools.gnu-tools-for-stm32.9-2020-q2-update.win32_2.0.0.202105311346/tools/bin/../lib/gcc/arm-none-eabi/9.3.1/thumb/v7e-m/nofp/crtbegin.o
LOAD c:/st/stm32cubeide_1.7.0/stm32cubeide/plugins/com.st.stm32cube.ide.mcu.externaltools.gnu-tools-for-stm32.9-2020-q2-update.win32_2.0.0.202105311346/tools/bin/../lib/gcc/arm-none-eabi/9.3.1/../../../../arm-none-eabi/lib/thumb/v7e-m/nofp/crt0.o
LOAD ./app/src/main.o
LOAD ./app/src/printf-stdarg.o
LOAD ./app/src/stm32f7xx_it.o
LOAD ./bsp/src/bsp.o
LOAD ./cmsis/device/src/startup_stm32f746xx.o
LOAD ./cmsis/device/src/system_stm32f7xx.o
START GROUP
LOAD c:/st/stm32cubeide_1.7.0/stm32cubeide/plugins/com.st.stm32cube.ide.mcu.externaltools.gnu-tools-for-stm32.9-2020-q2-update.win32_2.0.0.202105311346/tools/bin/../lib/gcc/arm-none-eabi/9.3.1/../../../../arm-none-eabi/lib/thumb/v7e-m/nofp\libc_nano.a
LOAD c:/st/stm32cubeide_1.7.0/stm32cubeide/plugins/com.st.stm32cube.ide.mcu.externaltools.gnu-tools-for-stm32.9-2020-q2-update.win32_2.0.0.202105311346/tools/bin/../lib/gcc/arm-none-eabi/9.3.1/../../../../arm-none-eabi/lib/thumb/v7e-m/nofp\libm.a
END GROUP
START GROUP
LOAD c:/st/stm32cubeide_1.7.0/stm32cubeide/plugins/com.st.stm32cube.ide.mcu.externaltools.gnu-tools-for-stm32.9-2020-q2-update.win32_2.0.0.202105311346/tools/bin/../lib/gcc/arm-none-eabi/9.3.1/thumb/v7e-m/nofp\libgcc.a
LOAD c:/st/stm32cubeide_1.7.0/stm32cubeide/plugins/com.st.stm32cube.ide.mcu.externaltools.gnu-tools-for-stm32.9-2020-q2-update.win32_2.0.0.202105311346/tools/bin/../lib/gcc/arm-none-eabi/9.3.1/../../../../arm-none-eabi/lib/thumb/v7e-m/nofp\libc_nano.a
END GROUP
START GROUP
LOAD c:/st/stm32cubeide_1.7.0/stm32cubeide/plugins/com.st.stm32cube.ide.mcu.externaltools.gnu-tools-for-stm32.9-2020-q2-update.win32_2.0.0.202105311346/tools/bin/../lib/gcc/arm-none-eabi/9.3.1/thumb/v7e-m/nofp\libgcc.a
LOAD c:/st/stm32cubeide_1.7.0/stm32cubeide/plugins/com.st.stm32cube.ide.mcu.externaltools.gnu-tools-for-stm32.9-2020-q2-update.win32_2.0.0.202105311346/tools/bin/../lib/gcc/arm-none-eabi/9.3.1/../../../../arm-none-eabi/lib/thumb/v7e-m/nofp\libc_nano.a
LOAD c:/st/stm32cubeide_1.7.0/stm32cubeide/plugins/com.st.stm32cube.ide.mcu.externaltools.gnu-tools-for-stm32.9-2020-q2-update.win32_2.0.0.202105311346/tools/bin/../lib/gcc/arm-none-eabi/9.3.1/../../../../arm-none-eabi/lib/thumb/v7e-m/nofp\libnosys.a
END GROUP
START GROUP
LOAD c:/st/stm32cubeide_1.7.0/stm32cubeide/plugins/com.st.stm32cube.ide.mcu.externaltools.gnu-tools-for-stm32.9-2020-q2-update.win32_2.0.0.202105311346/tools/bin/../lib/gcc/arm-none-eabi/9.3.1/thumb/v7e-m/nofp\libgcc.a
LOAD c:/st/stm32cubeide_1.7.0/stm32cubeide/plugins/com.st.stm32cube.ide.mcu.externaltools.gnu-tools-for-stm32.9-2020-q2-update.win32_2.0.0.202105311346/tools/bin/../lib/gcc/arm-none-eabi/9.3.1/../../../../arm-none-eabi/lib/thumb/v7e-m/nofp\libc_nano.a
LOAD c:/st/stm32cubeide_1.7.0/stm32cubeide/plugins/com.st.stm32cube.ide.mcu.externaltools.gnu-tools-for-stm32.9-2020-q2-update.win32_2.0.0.202105311346/tools/bin/../lib/gcc/arm-none-eabi/9.3.1/../../../../arm-none-eabi/lib/thumb/v7e-m/nofp\libnosys.a
END GROUP
LOAD c:/st/stm32cubeide_1.7.0/stm32cubeide/plugins/com.st.stm32cube.ide.mcu.externaltools.gnu-tools-for-stm32.9-2020-q2-update.win32_2.0.0.202105311346/tools/bin/../lib/gcc/arm-none-eabi/9.3.1/thumb/v7e-m/nofp/crtend.o
LOAD c:/st/stm32cubeide_1.7.0/stm32cubeide/plugins/com.st.stm32cube.ide.mcu.externaltools.gnu-tools-for-stm32.9-2020-q2-update.win32_2.0.0.202105311346/tools/bin/../lib/gcc/arm-none-eabi/9.3.1/thumb/v7e-m/nofp/crtn.o
                0x0000000020050000                _estack = 0x20050000
                0x0000000000000200                _Min_Heap_Size = 0x200
                0x0000000000000400                _Min_Stack_Size = 0x400

.isr_vector     0x0000000008000000      0x1c8
                0x0000000008000000                . = ALIGN (0x4)
 *(.isr_vector)
 .isr_vector    0x0000000008000000      0x1c8 ./cmsis/device/src/startup_stm32f746xx.o
                0x0000000008000000                g_pfnVectors
                0x00000000080001c8                . = ALIGN (0x4)

.text           0x00000000080001c8      0x70c
                0x00000000080001c8                . = ALIGN (0x4)
 *(.text)
 .text          0x00000000080001c8       0x40 c:/st/stm32cubeide_1.7.0/stm32cubeide/plugins/com.st.stm32cube.ide.mcu.externaltools.gnu-tools-for-stm32.9-2020-q2-update.win32_2.0.0.202105311346/tools/bin/../lib/gcc/arm-none-eabi/9.3.1/thumb/v7e-m/nofp/crtbegin.o
 *(.text*)
 .text.main     0x0000000008000208       0x4c ./app/src/main.o
                0x0000000008000208                main
 .text.printchar
                0x0000000008000254       0x48 ./app/src/printf-stdarg.o
 .text.prints   0x000000000800029c       0xb0 ./app/src/printf-stdarg.o
 .text.printi   0x000000000800034c       0xd8 ./app/src/printf-stdarg.o
 .text.print    0x0000000008000424      0x1c8 ./app/src/printf-stdarg.o
 .text.my_printf
                0x00000000080005ec       0x28 ./app/src/printf-stdarg.o
                0x00000000080005ec                my_printf
 .text.NMI_Handler
                0x0000000008000614        0xc ./app/src/stm32f7xx_it.o
                0x0000000008000614                NMI_Handler
 .text.HardFault_Handler
                0x0000000008000620        0x6 ./app/src/stm32f7xx_it.o
                0x0000000008000620                HardFault_Handler
 .text.MemManage_Handler
                0x0000000008000626        0x6 ./app/src/stm32f7xx_it.o
                0x0000000008000626                MemManage_Handler
 .text.BusFault_Handler
                0x000000000800062c        0x6 ./app/src/stm32f7xx_it.o
                0x000000000800062c                BusFault_Handler
 .text.UsageFault_Handler
                0x0000000008000632        0x6 ./app/src/stm32f7xx_it.o
                0x0000000008000632                UsageFault_Handler
 .text.SVC_Handler
                0x0000000008000638        0xc ./app/src/stm32f7xx_it.o
                0x0000000008000638                SVC_Handler
 .text.DebugMon_Handler
                0x0000000008000644        0xc ./app/src/stm32f7xx_it.o
                0x0000000008000644                DebugMon_Handler
 .text.PendSV_Handler
                0x0000000008000650        0xc ./app/src/stm32f7xx_it.o
                0x0000000008000650                PendSV_Handler
 .text.SysTick_Handler
                0x000000000800065c        0xc ./app/src/stm32f7xx_it.o
                0x000000000800065c                SysTick_Handler
 .text.BSP_Console_Init
                0x0000000008000668       0xac ./bsp/src/bsp.o
                0x0000000008000668                BSP_Console_Init
 .text.Reset_Handler
                0x0000000008000714       0x50 ./cmsis/device/src/startup_stm32f746xx.o
                0x0000000008000714                Reset_Handler
 .text.Default_Handler
                0x0000000008000764        0x2 ./cmsis/device/src/startup_stm32f746xx.o
                0x0000000008000764                RTC_Alarm_IRQHandler
                0x0000000008000764                EXTI2_IRQHandler
                0x0000000008000764                TIM8_CC_IRQHandler
                0x0000000008000764                UART8_IRQHandler
                0x0000000008000764                SPI4_IRQHandler
                0x0000000008000764                TIM1_CC_IRQHandler
                0x0000000008000764                DMA2_Stream5_IRQHandler
                0x0000000008000764                DMA1_Stream5_IRQHandler
                0x0000000008000764                PVD_IRQHandler
                0x0000000008000764                TAMP_STAMP_IRQHandler
                0x0000000008000764                CAN2_RX1_IRQHandler
                0x0000000008000764                EXTI3_IRQHandler
                0x0000000008000764                TIM8_TRG_COM_TIM14_IRQHandler
                0x0000000008000764                TIM1_UP_TIM10_IRQHandler
                0x0000000008000764                TIM8_UP_TIM13_IRQHandler
                0x0000000008000764                I2C3_ER_IRQHandler
                0x0000000008000764                EXTI0_IRQHandler
                0x0000000008000764                I2C2_EV_IRQHandler
                0x0000000008000764                DMA1_Stream2_IRQHandler
                0x0000000008000764                CAN1_RX0_IRQHandler
                0x0000000008000764                FPU_IRQHandler
                0x0000000008000764                OTG_HS_WKUP_IRQHandler
                0x0000000008000764                LTDC_ER_IRQHandler
                0x0000000008000764                CAN2_SCE_IRQHandler
                0x0000000008000764                DMA2_Stream2_IRQHandler
                0x0000000008000764                SPI1_IRQHandler
                0x0000000008000764                TIM6_DAC_IRQHandler
                0x0000000008000764                TIM1_BRK_TIM9_IRQHandler
                0x0000000008000764                DCMI_IRQHandler
                0x0000000008000764                CAN2_RX0_IRQHandler
                0x0000000008000764                DMA2_Stream3_IRQHandler
                0x0000000008000764                SAI2_IRQHandler
                0x0000000008000764                USART6_IRQHandler
                0x0000000008000764                USART3_IRQHandler
                0x0000000008000764                CAN1_RX1_IRQHandler
                0x0000000008000764                UART5_IRQHandler
                0x0000000008000764                DMA2_Stream0_IRQHandler
                0x0000000008000764                TIM4_IRQHandler
                0x0000000008000764                QUADSPI_IRQHandler
                0x0000000008000764                I2C1_EV_IRQHandler
                0x0000000008000764                DMA1_Stream6_IRQHandler
                0x0000000008000764                DMA1_Stream1_IRQHandler
                0x0000000008000764                UART4_IRQHandler
                0x0000000008000764                TIM3_IRQHandler
                0x0000000008000764                RCC_IRQHandler
                0x0000000008000764                TIM8_BRK_TIM12_IRQHandler
                0x0000000008000764                Default_Handler
                0x0000000008000764                CEC_IRQHandler
                0x0000000008000764                EXTI15_10_IRQHandler
                0x0000000008000764                ADC_IRQHandler
                0x0000000008000764                DMA1_Stream7_IRQHandler
                0x0000000008000764                SPI5_IRQHandler
                0x0000000008000764                TIM7_IRQHandler
                0x0000000008000764                SDMMC1_IRQHandler
                0x0000000008000764                CAN2_TX_IRQHandler
                0x0000000008000764                TIM5_IRQHandler
                0x0000000008000764                DMA2_Stream7_IRQHandler
                0x0000000008000764                I2C3_EV_IRQHandler
                0x0000000008000764                EXTI9_5_IRQHandler
                0x0000000008000764                RTC_WKUP_IRQHandler
                0x0000000008000764                LTDC_IRQHandler
                0x0000000008000764                ETH_WKUP_IRQHandler
                0x0000000008000764                SPDIF_RX_IRQHandler
                0x0000000008000764                SPI2_IRQHandler
                0x0000000008000764                OTG_HS_EP1_IN_IRQHandler
                0x0000000008000764                DMA1_Stream0_IRQHandler
                0x0000000008000764                CAN1_TX_IRQHandler
                0x0000000008000764                EXTI4_IRQHandler
                0x0000000008000764                RNG_IRQHandler
                0x0000000008000764                ETH_IRQHandler
                0x0000000008000764                OTG_HS_EP1_OUT_IRQHandler
                0x0000000008000764                WWDG_IRQHandler
                0x0000000008000764                SPI6_IRQHandler
                0x0000000008000764                I2C4_EV_IRQHandler
                0x0000000008000764                TIM2_IRQHandler
                0x0000000008000764                OTG_FS_WKUP_IRQHandler
                0x0000000008000764                TIM1_TRG_COM_TIM11_IRQHandler
                0x0000000008000764                OTG_HS_IRQHandler
                0x0000000008000764                DMA2D_IRQHandler
                0x0000000008000764                EXTI1_IRQHandler
                0x0000000008000764                UART7_IRQHandler
                0x0000000008000764                USART2_IRQHandler
                0x0000000008000764                I2C2_ER_IRQHandler
                0x0000000008000764                DMA2_Stream1_IRQHandler
                0x0000000008000764                CAN1_SCE_IRQHandler
                0x0000000008000764                FLASH_IRQHandler
                0x0000000008000764                DMA2_Stream4_IRQHandler
                0x0000000008000764                USART1_IRQHandler
                0x0000000008000764                OTG_FS_IRQHandler
                0x0000000008000764                SPI3_IRQHandler
                0x0000000008000764                DMA1_Stream4_IRQHandler
                0x0000000008000764                I2C1_ER_IRQHandler
                0x0000000008000764                FMC_IRQHandler
                0x0000000008000764                LPTIM1_IRQHandler
                0x0000000008000764                I2C4_ER_IRQHandler
                0x0000000008000764                DMA2_Stream6_IRQHandler
                0x0000000008000764                SAI1_IRQHandler
                0x0000000008000764                DMA1_Stream3_IRQHandler
 .text.SystemInit
                0x0000000008000766        0xc ./cmsis/device/src/system_stm32f7xx.o
                0x0000000008000766                SystemInit
 *fill*         0x0000000008000772        0x2 
 .text.SystemCoreClockUpdate
                0x0000000008000774      0x100 ./cmsis/device/src/system_stm32f7xx.o
                0x0000000008000774                SystemCoreClockUpdate
 .text.__libc_init_array
                0x0000000008000874       0x48 c:/st/stm32cubeide_1.7.0/stm32cubeide/plugins/com.st.stm32cube.ide.mcu.externaltools.gnu-tools-for-stm32.9-2020-q2-update.win32_2.0.0.202105311346/tools/bin/../lib/gcc/arm-none-eabi/9.3.1/../../../../arm-none-eabi/lib/thumb/v7e-m/nofp\libc_nano.a(lib_a-init.o)
                0x0000000008000874                __libc_init_array
 *(.glue_7)
 .glue_7        0x00000000080008bc        0x0 linker stubs
 *(.glue_7t)
 .glue_7t       0x00000000080008bc        0x0 linker stubs
 *(.eh_frame)
 .eh_frame      0x00000000080008bc        0x0 c:/st/stm32cubeide_1.7.0/stm32cubeide/plugins/com.st.stm32cube.ide.mcu.externaltools.gnu-tools-for-stm32.9-2020-q2-update.win32_2.0.0.202105311346/tools/bin/../lib/gcc/arm-none-eabi/9.3.1/thumb/v7e-m/nofp/crtbegin.o
 *(.init)
 .init          0x00000000080008bc        0x4 c:/st/stm32cubeide_1.7.0/stm32cubeide/plugins/com.st.stm32cube.ide.mcu.externaltools.gnu-tools-for-stm32.9-2020-q2-update.win32_2.0.0.202105311346/tools/bin/../lib/gcc/arm-none-eabi/9.3.1/thumb/v7e-m/nofp/crti.o
                0x00000000080008bc                _init
 .init          0x00000000080008c0        0x8 c:/st/stm32cubeide_1.7.0/stm32cubeide/plugins/com.st.stm32cube.ide.mcu.externaltools.gnu-tools-for-stm32.9-2020-q2-update.win32_2.0.0.202105311346/tools/bin/../lib/gcc/arm-none-eabi/9.3.1/thumb/v7e-m/nofp/crtn.o
 *(.fini)
 .fini          0x00000000080008c8        0x4 c:/st/stm32cubeide_1.7.0/stm32cubeide/plugins/com.st.stm32cube.ide.mcu.externaltools.gnu-tools-for-stm32.9-2020-q2-update.win32_2.0.0.202105311346/tools/bin/../lib/gcc/arm-none-eabi/9.3.1/thumb/v7e-m/nofp/crti.o
                0x00000000080008c8                _fini
 .fini          0x00000000080008cc        0x8 c:/st/stm32cubeide_1.7.0/stm32cubeide/plugins/com.st.stm32cube.ide.mcu.externaltools.gnu-tools-for-stm32.9-2020-q2-update.win32_2.0.0.202105311346/tools/bin/../lib/gcc/arm-none-eabi/9.3.1/thumb/v7e-m/nofp/crtn.o
                0x00000000080008d4                . = ALIGN (0x4)
                0x00000000080008d4                _etext = .

.vfp11_veneer   0x00000000080008d4        0x0
 .vfp11_veneer  0x00000000080008d4        0x0 linker stubs

.v4_bx          0x00000000080008d4        0x0
 .v4_bx         0x00000000080008d4        0x0 linker stubs

.iplt           0x00000000080008d4        0x0
 .iplt          0x00000000080008d4        0x0 c:/st/stm32cubeide_1.7.0/stm32cubeide/plugins/com.st.stm32cube.ide.mcu.externaltools.gnu-tools-for-stm32.9-2020-q2-update.win32_2.0.0.202105311346/tools/bin/../lib/gcc/arm-none-eabi/9.3.1/thumb/v7e-m/nofp/crtbegin.o

.rodata         0x00000000080008d4       0x2c
                0x00000000080008d4                . = ALIGN (0x4)
 *(.rodata)
 .rodata        0x00000000080008d4       0x11 ./app/src/main.o
 *fill*         0x00000000080008e5        0x3 
 .rodata        0x00000000080008e8        0x7 ./app/src/printf-stdarg.o
 *(.rodata*)
 *fill*         0x00000000080008ef        0x1 
 .rodata.AHBPrescTable
                0x00000000080008f0       0x10 ./cmsis/device/src/system_stm32f7xx.o
                0x00000000080008f0                AHBPrescTable
                0x0000000008000900                . = ALIGN (0x4)

.rel.dyn        0x0000000008000900        0x0
 .rel.iplt      0x0000000008000900        0x0 c:/st/stm32cubeide_1.7.0/stm32cubeide/plugins/com.st.stm32cube.ide.mcu.externaltools.gnu-tools-for-stm32.9-2020-q2-update.win32_2.0.0.202105311346/tools/bin/../lib/gcc/arm-none-eabi/9.3.1/thumb/v7e-m/nofp/crtbegin.o

.ARM.extab
 *(.ARM.extab* .gnu.linkonce.armextab.*)

.ARM            0x0000000008000900        0x0
                0x0000000008000900                __exidx_start = .
 *(.ARM.exidx*)
                0x0000000008000900                __exidx_end = .

.preinit_array  0x0000000008000900        0x0
                0x0000000008000900                PROVIDE (__preinit_array_start = .)
 *(.preinit_array*)
                0x0000000008000900                PROVIDE (__preinit_array_end = .)

.init_array     0x0000000008000900        0x4
                0x0000000008000900                PROVIDE (__init_array_start = .)
 *(SORT_BY_NAME(.init_array.*))
 *(.init_array*)
 .init_array    0x0000000008000900        0x4 c:/st/stm32cubeide_1.7.0/stm32cubeide/plugins/com.st.stm32cube.ide.mcu.externaltools.gnu-tools-for-stm32.9-2020-q2-update.win32_2.0.0.202105311346/tools/bin/../lib/gcc/arm-none-eabi/9.3.1/thumb/v7e-m/nofp/crtbegin.o
                0x0000000008000904                PROVIDE (__init_array_end = .)

.fini_array     0x0000000008000904        0x4
                [!provide]                        PROVIDE (__fini_array_start = .)
 *(SORT_BY_NAME(.fini_array.*))
 *(.fini_array*)
 .fini_array    0x0000000008000904        0x4 c:/st/stm32cubeide_1.7.0/stm32cubeide/plugins/com.st.stm32cube.ide.mcu.externaltools.gnu-tools-for-stm32.9-2020-q2-update.win32_2.0.0.202105311346/tools/bin/../lib/gcc/arm-none-eabi/9.3.1/thumb/v7e-m/nofp/crtbegin.o
                [!provide]                        PROVIDE (__fini_array_end = .)
                0x0000000008000908                _sidata = LOADADDR (.data)

.data           0x0000000020000000        0x4 load address 0x0000000008000908
                0x0000000020000000                . = ALIGN (0x4)
                0x0000000020000000                _sdata = .
 *(.data)
 *(.data*)
 .data.SystemCoreClock
                0x0000000020000000        0x4 ./cmsis/device/src/system_stm32f7xx.o
                0x0000000020000000                SystemCoreClock
                0x0000000020000004                . = ALIGN (0x4)
                0x0000000020000004                _edata = .

.igot.plt       0x0000000020000004        0x0 load address 0x000000000800090c
 .igot.plt      0x0000000020000004        0x0 c:/st/stm32cubeide_1.7.0/stm32cubeide/plugins/com.st.stm32cube.ide.mcu.externaltools.gnu-tools-for-stm32.9-2020-q2-update.win32_2.0.0.202105311346/tools/bin/../lib/gcc/arm-none-eabi/9.3.1/thumb/v7e-m/nofp/crtbegin.o
                0x0000000020000004                . = ALIGN (0x4)

.bss            0x0000000020000004       0x1c load address 0x000000000800090c
                0x0000000020000004                _sbss = .
                0x0000000020000004                __bss_start__ = _sbss
 *(.bss)
 .bss           0x0000000020000004       0x1c c:/st/stm32cubeide_1.7.0/stm32cubeide/plugins/com.st.stm32cube.ide.mcu.externaltools.gnu-tools-for-stm32.9-2020-q2-update.win32_2.0.0.202105311346/tools/bin/../lib/gcc/arm-none-eabi/9.3.1/thumb/v7e-m/nofp/crtbegin.o
 *(.bss*)
 *(COMMON)
                0x0000000020000020                . = ALIGN (0x4)
                0x0000000020000020                _ebss = .
                0x0000000020000020                __bss_end__ = _ebss

._user_heap_stack
                0x0000000020000020      0x600 load address 0x000000000800090c
                0x0000000020000020                . = ALIGN (0x8)
                [!provide]                        PROVIDE (end = .)
                [!provide]                        PROVIDE (_end = .)
                0x0000000020000220                . = (. + _Min_Heap_Size)
 *fill*         0x0000000020000020      0x200 
                0x0000000020000620                . = (. + _Min_Stack_Size)
 *fill*         0x0000000020000220      0x400 
                0x0000000020000620                . = ALIGN (0x8)

/DISCARD/
 libc.a(*)
 libm.a(*)
 libgcc.a(*)

.ARM.attributes
                0x0000000000000000       0x2a
 *(.ARM.attributes)
 .ARM.attributes
                0x0000000000000000       0x1e c:/st/stm32cubeide_1.7.0/stm32cubeide/plugins/com.st.stm32cube.ide.mcu.externaltools.gnu-tools-for-stm32.9-2020-q2-update.win32_2.0.0.202105311346/tools/bin/../lib/gcc/arm-none-eabi/9.3.1/thumb/v7e-m/nofp/crti.o
 .ARM.attributes
                0x000000000000001e       0x2e c:/st/stm32cubeide_1.7.0/stm32cubeide/plugins/com.st.stm32cube.ide.mcu.externaltools.gnu-tools-for-stm32.9-2020-q2-update.win32_2.0.0.202105311346/tools/bin/../lib/gcc/arm-none-eabi/9.3.1/thumb/v7e-m/nofp/crtbegin.o
 .ARM.attributes
                0x000000000000004c       0x2e ./app/src/main.o
 .ARM.attributes
                0x000000000000007a       0x2e ./app/src/printf-stdarg.o
 .ARM.attributes
                0x00000000000000a8       0x2e ./app/src/stm32f7xx_it.o
 .ARM.attributes
                0x00000000000000d6       0x2e ./bsp/src/bsp.o
 .ARM.attributes
                0x0000000000000104       0x21 ./cmsis/device/src/startup_stm32f746xx.o
 .ARM.attributes
                0x0000000000000125       0x2e ./cmsis/device/src/system_stm32f7xx.o
 .ARM.attributes
                0x0000000000000153       0x2e c:/st/stm32cubeide_1.7.0/stm32cubeide/plugins/com.st.stm32cube.ide.mcu.externaltools.gnu-tools-for-stm32.9-2020-q2-update.win32_2.0.0.202105311346/tools/bin/../lib/gcc/arm-none-eabi/9.3.1/../../../../arm-none-eabi/lib/thumb/v7e-m/nofp\libc_nano.a(lib_a-init.o)
 .ARM.attributes
                0x0000000000000181       0x1e c:/st/stm32cubeide_1.7.0/stm32cubeide/plugins/com.st.stm32cube.ide.mcu.externaltools.gnu-tools-for-stm32.9-2020-q2-update.win32_2.0.0.202105311346/tools/bin/../lib/gcc/arm-none-eabi/9.3.1/thumb/v7e-m/nofp/crtn.o
OUTPUT(piezo_adc.elf elf32-littlearm)
LOAD linker stubs
LOAD c:/st/stm32cubeide_1.7.0/stm32cubeide/plugins/com.st.stm32cube.ide.mcu.externaltools.gnu-tools-for-stm32.9-2020-q2-update.win32_2.0.0.202105311346/tools/bin/../lib/gcc/arm-none-eabi/9.3.1/../../../../arm-none-eabi/lib/thumb/v7e-m/nofp\libc.a
LOAD c:/st/stm32cubeide_1.7.0/stm32cubeide/plugins/com.st.stm32cube.ide.mcu.externaltools.gnu-tools-for-stm32.9-2020-q2-update.win32_2.0.0.202105311346/tools/bin/../lib/gcc/arm-none-eabi/9.3.1/../../../../arm-none-eabi/lib/thumb/v7e-m/nofp\libm.a
LOAD c:/st/stm32cubeide_1.7.0/stm32cubeide/plugins/com.st.stm32cube.ide.mcu.externaltools.gnu-tools-for-stm32.9-2020-q2-update.win32_2.0.0.202105311346/tools/bin/../lib/gcc/arm-none-eabi/9.3.1/thumb/v7e-m/nofp\libgcc.a

.debug_info     0x0000000000000000     0x1228
 .debug_info    0x0000000000000000      0x403 ./app/src/main.o
 .debug_info    0x0000000000000403      0x4fc ./app/src/printf-stdarg.o
 .debug_info    0x00000000000008ff       0xcc ./app/src/stm32f7xx_it.o
 .debug_info    0x00000000000009cb      0x486 ./bsp/src/bsp.o
 .debug_info    0x0000000000000e51       0x22 ./cmsis/device/src/startup_stm32f746xx.o
 .debug_info    0x0000000000000e73      0x3b5 ./cmsis/device/src/system_stm32f7xx.o

.debug_abbrev   0x0000000000000000      0x501
 .debug_abbrev  0x0000000000000000      0x118 ./app/src/main.o
 .debug_abbrev  0x0000000000000118      0x1a1 ./app/src/printf-stdarg.o
 .debug_abbrev  0x00000000000002b9       0x31 ./app/src/stm32f7xx_it.o
 .debug_abbrev  0x00000000000002ea       0xdc ./bsp/src/bsp.o
 .debug_abbrev  0x00000000000003c6       0x12 ./cmsis/device/src/startup_stm32f746xx.o
 .debug_abbrev  0x00000000000003d8      0x129 ./cmsis/device/src/system_stm32f7xx.o

.debug_aranges  0x0000000000000000      0x138
 .debug_aranges
                0x0000000000000000       0x20 ./app/src/main.o
 .debug_aranges
                0x0000000000000020       0x48 ./app/src/printf-stdarg.o
 .debug_aranges
                0x0000000000000068       0x60 ./app/src/stm32f7xx_it.o
 .debug_aranges
                0x00000000000000c8       0x20 ./bsp/src/bsp.o
 .debug_aranges
                0x00000000000000e8       0x28 ./cmsis/device/src/startup_stm32f746xx.o
 .debug_aranges
                0x0000000000000110       0x28 ./cmsis/device/src/system_stm32f7xx.o

.debug_ranges   0x0000000000000000       0xe0
 .debug_ranges  0x0000000000000000       0x10 ./app/src/main.o
 .debug_ranges  0x0000000000000010       0x38 ./app/src/printf-stdarg.o
 .debug_ranges  0x0000000000000048       0x50 ./app/src/stm32f7xx_it.o
 .debug_ranges  0x0000000000000098       0x10 ./bsp/src/bsp.o
 .debug_ranges  0x00000000000000a8       0x20 ./cmsis/device/src/startup_stm32f746xx.o
 .debug_ranges  0x00000000000000c8       0x18 ./cmsis/device/src/system_stm32f7xx.o

.debug_macro    0x0000000000000000    0x1ba93
 .debug_macro   0x0000000000000000       0xcc ./app/src/main.o
 .debug_macro   0x00000000000000cc      0xa90 ./app/src/main.o
 .debug_macro   0x0000000000000b5c       0x34 ./app/src/main.o
 .debug_macro   0x0000000000000b90       0x3b ./app/src/main.o
 .debug_macro   0x0000000000000bcb       0x22 ./app/src/main.o
 .debug_macro   0x0000000000000bed       0x8e ./app/src/main.o
 .debug_macro   0x0000000000000c7b       0x51 ./app/src/main.o
 .debug_macro   0x0000000000000ccc      0x103 ./app/src/main.o
 .debug_macro   0x0000000000000dcf       0x6a ./app/src/main.o
 .debug_macro   0x0000000000000e39      0x1df ./app/src/main.o
 .debug_macro   0x0000000000001018       0x1c ./app/src/main.o
 .debug_macro   0x0000000000001034       0x22 ./app/src/main.o
 .debug_macro   0x0000000000001056       0xdf ./app/src/main.o
 .debug_macro   0x0000000000001135     0x12cd ./app/src/main.o
 .debug_macro   0x0000000000002402      0x11f ./app/src/main.o
 .debug_macro   0x0000000000002521       0x19 ./app/src/main.o
 .debug_macro   0x000000000000253a    0x191da ./app/src/main.o
 .debug_macro   0x000000000001b714       0x6d ./app/src/main.o
 .debug_macro   0x000000000001b781       0xe7 ./app/src/printf-stdarg.o
 .debug_macro   0x000000000001b868       0x58 ./app/src/printf-stdarg.o
 .debug_macro   0x000000000001b8c0       0x25 ./app/src/stm32f7xx_it.o
 .debug_macro   0x000000000001b8e5       0xd6 ./bsp/src/bsp.o
 .debug_macro   0x000000000001b9bb       0xd8 ./cmsis/device/src/system_stm32f7xx.o

.debug_line     0x0000000000000000     0x18a5
 .debug_line    0x0000000000000000      0x4b1 ./app/src/main.o
 .debug_line    0x00000000000004b1      0x7c8 ./app/src/printf-stdarg.o
 .debug_line    0x0000000000000c79      0x157 ./app/src/stm32f7xx_it.o
 .debug_line    0x0000000000000dd0      0x510 ./bsp/src/bsp.o
 .debug_line    0x00000000000012e0       0x8a ./cmsis/device/src/startup_stm32f746xx.o
 .debug_line    0x000000000000136a      0x53b ./cmsis/device/src/system_stm32f7xx.o

.debug_str      0x0000000000000000    0x9b384
 .debug_str     0x0000000000000000    0x9aff1 ./app/src/main.o
                                      0x9b194 (size before relaxing)
 .debug_str     0x000000000009aff1      0x1cc ./app/src/printf-stdarg.o
                                      0x9b22d (size before relaxing)
 .debug_str     0x000000000009b1bd       0xcd ./app/src/stm32f7xx_it.o
                                       0x2e1d (size before relaxing)
 .debug_str     0x000000000009b28a       0x21 ./bsp/src/bsp.o
                                      0x9b1ac (size before relaxing)
 .debug_str     0x000000000009b2ab       0x38 ./cmsis/device/src/startup_stm32f746xx.o
                                         0x76 (size before relaxing)
 .debug_str     0x000000000009b2e3       0xa1 ./cmsis/device/src/system_stm32f7xx.o
                                      0x9b1d1 (size before relaxing)

.comment        0x0000000000000000       0x53
 .comment       0x0000000000000000       0x53 ./app/src/main.o
                                         0x54 (size before relaxing)
 .comment       0x0000000000000053       0x54 ./app/src/printf-stdarg.o
 .comment       0x0000000000000053       0x54 ./app/src/stm32f7xx_it.o
 .comment       0x0000000000000053       0x54 ./bsp/src/bsp.o
 .comment       0x0000000000000053       0x54 ./cmsis/device/src/system_stm32f7xx.o

.debug_frame    0x0000000000000000      0x328
 .debug_frame   0x0000000000000000       0x2c ./app/src/main.o
 .debug_frame   0x000000000000002c      0x138 ./app/src/printf-stdarg.o
 .debug_frame   0x0000000000000164      0x110 ./app/src/stm32f7xx_it.o
 .debug_frame   0x0000000000000274       0x30 ./bsp/src/bsp.o
 .debug_frame   0x00000000000002a4       0x58 ./cmsis/device/src/system_stm32f7xx.o
 .debug_frame   0x00000000000002fc       0x2c c:/st/stm32cubeide_1.7.0/stm32cubeide/plugins/com.st.stm32cube.ide.mcu.externaltools.gnu-tools-for-stm32.9-2020-q2-update.win32_2.0.0.202105311346/tools/bin/../lib/gcc/arm-none-eabi/9.3.1/../../../../arm-none-eabi/lib/thumb/v7e-m/nofp\libc_nano.a(lib_a-init.o)
